// Jest Snapshot v1, https://goo.gl/fbAQLP

exports[`Storyshots atoms/ErrorAlert Error 1`] = `
<div
  className="chakra-alert css-1pshjjd"
  role="alert"
>
  <span
    className="chakra-alert__icon css-r8g2n"
  >
    <svg
      className="chakra-icon css-fi0ww0"
      focusable={false}
      viewBox="0 0 24 24"
    >
      <path
        d="M11.983,0a12.206,12.206,0,0,0-8.51,3.653A11.8,11.8,0,0,0,0,12.207,11.779,11.779,0,0,0,11.8,24h.214A12.111,12.111,0,0,0,24,11.791h0A11.766,11.766,0,0,0,11.983,0ZM10.5,16.542a1.476,1.476,0,0,1,1.449-1.53h.027a1.527,1.527,0,0,1,1.523,1.47,1.475,1.475,0,0,1-1.449,1.53h-.027A1.529,1.529,0,0,1,10.5,16.542ZM11,12.5v-6a1,1,0,0,1,2,0v6a1,1,0,1,1-2,0Z"
        fill="currentColor"
      />
    </svg>
  </span>
  <div
    className="chakra-alert__desc css-12db8z9"
  >
    this is error message.
  </div>
  <button
    aria-label="Close"
    className="css-1um9mvy"
    onClick={[Function]}
    type="button"
  >
    <svg
      aria-hidden={true}
      className="chakra-icon css-onkibi"
      focusable="false"
      viewBox="0 0 24 24"
    >
      <path
        d="M.439,21.44a1.5,1.5,0,0,0,2.122,2.121L11.823,14.3a.25.25,0,0,1,.354,0l9.262,9.263a1.5,1.5,0,1,0,2.122-2.121L14.3,12.177a.25.25,0,0,1,0-.354l9.263-9.262A1.5,1.5,0,0,0,21.439.44L12.177,9.7a.25.25,0,0,1-.354,0L2.561.44A1.5,1.5,0,0,0,.439,2.561L9.7,11.823a.25.25,0,0,1,0,.354Z"
        fill="currentColor"
      />
    </svg>
  </button>
</div>
`;

exports[`Storyshots atoms/ErrorAlert No Error 1`] = `null`;

exports[`Storyshots atoms/ProgressBar Loading 1`] = `
<div
  className="css-29kqvd"
>
  <div
    aria-valuemax={100}
    aria-valuemin={0}
    className="css-1j7orzg"
    data-indeterminate=""
    role="progressbar"
    style={
      Object {
        "width": "0%",
      }
    }
  />
</div>
`;

exports[`Storyshots atoms/ProgressBar Un Loading 1`] = `null`;
